---
source: crates/iaam-server/tests/contract.rs
expression: report
---
{
  "applied_rules": {
    "contour": "[contour]",
    "contour_version": 1,
    "day_count": "act/365",
    "fx_source": "owner_supplied",
    "perimeter_settlement_window_days": 5,
    "solver_max_iterations": 200,
    "solver_rate_tolerance": "0.0000000001"
  },
  "as_of": "2026-01-01",
  "bond_attributes": [],
  "bond_metrics": [],
  "contributed": {
    "value": "50000.00"
  },
  "data_quality": {
    "executability": {
      "evaluated_positions_value": "0",
      "executable": "0",
      "indicative_previous_close": "0",
      "unknown": "1"
    },
    "material_issues": [
      "история начинается 2025-01-01",
      "по счёту [uuid] нет независимого подтверждения измерения cash"
    ],
    "nav_coverage": {
      "accepted_independent": "0",
      "accepted_internal": "0",
      "discrepant": "0",
      "provisional": "1"
    },
    "position_coverage": {
      "evaluated_positions": 0,
      "legacy_derived": [],
      "selected": [],
      "total_positions": 0,
      "uncovered": []
    },
    "status": "mixed"
  },
  "history_starts": "2025-01-01",
  "liquidation_value_before_exit_costs_and_tax": {
    "accrued_interest_payable_on_termination": {
      "value": "0"
    },
    "executability": {
      "evaluated_positions_value": "0",
      "executable": "0",
      "indicative_previous_close": "0",
      "unknown": "1"
    },
    "exit_costs": {
      "qualification": "unknown"
    },
    "tax": {
      "qualification": "unknown"
    },
    "value_before_exit_costs_and_tax": {
      "value": "50000.00"
    }
  },
  "report_currency": "RUB",
  "terminal_value": {
    "value": "50000.00"
  },
  "withdrawn": {
    "value": "0"
  },
  "xirr_pre_tax": {
    "day_count": "act/365",
    "error_bound": "0.00000000",
    "iterations": 7,
    "value": "0.00000000"
  }
}
